execve("build/debug/main", ["build/debug/main"], 0x7ffe24681e80 /* 88 vars */) = 0
brk(NULL)                               = 0x63840a8cc000
mmap(NULL, 8192, PROT_READ|PROT_WRITE, MAP_PRIVATE|MAP_ANONYMOUS, -1, 0) = 0x71517a45f000
access("/etc/ld.so.preload", R_OK)      = -1 ENOENT (Нет такого файла или каталога)
openat(AT_FDCWD, "/home/nikita_viksne/anaconda3/lib/glibc-hwcaps/x86-64-v3/libQt5Core.so.5", O_RDONLY|O_CLOEXEC) = -1 ENOENT (Нет такого файла или каталога)
newfstatat(AT_FDCWD, "/home/nikita_viksne/anaconda3/lib/glibc-hwcaps/x86-64-v3/", 0x7ffc8e9450a0, 0) = -1 ENOENT (Нет такого файла или каталога)
openat(AT_FDCWD, "/home/nikita_viksne/anaconda3/lib/glibc-hwcaps/x86-64-v2/libQt5Core.so.5", O_RDONLY|O_CLOEXEC) = -1 ENOENT (Нет такого файла или каталога)
newfstatat(AT_FDCWD, "/home/nikita_viksne/anaconda3/lib/glibc-hwcaps/x86-64-v2/", 0x7ffc8e9450a0, 0) = -1 ENOENT (Нет такого файла или каталога)
openat(AT_FDCWD, "/home/nikita_viksne/anaconda3/lib/libQt5Core.so.5", O_RDONLY|O_CLOEXEC) = 3
read(3, "\177ELF\2\1\1\0\0\0\0\0\0\0\0\0\3\0>\0\1\0\0\0\247=\n\0\0\0\0\0"..., 832) = 832
fstat(3, {st_mode=S_IFREG|0775, st_size=4697120, ...}) = 0
mmap(NULL, 4714600, PROT_READ, MAP_PRIVATE|MAP_DENYWRITE, 3, 0) = 0x715179e00000
mmap(0x715179e97000, 1941504, PROT_READ|PROT_EXEC, MAP_PRIVATE|MAP_FIXED|MAP_DENYWRITE, 3, 0x97000) = 0x715179e97000
mmap(0x71517a071000, 2080768, PROT_READ, MAP_PRIVATE|MAP_FIXED|MAP_DENYWRITE, 3, 0x271000) = 0x71517a071000
mmap(0x71517a26d000, 61440, PROT_READ|PROT_WRITE, MAP_PRIVATE|MAP_FIXED|MAP_DENYWRITE, 3, 0x46c000) = 0x71517a26d000
mmap(0x71517a27c000, 12392, PROT_READ|PROT_WRITE, MAP_PRIVATE|MAP_FIXED|MAP_ANONYMOUS, -1, 0) = 0x71517a27c000
close(3)                                = 0
openat(AT_FDCWD, "/home/nikita_viksne/anaconda3/lib/libstdc++.so.6", O_RDONLY|O_CLOEXEC) = 3
read(3, "\177ELF\2\1\1\3\0\0\0\0\0\0\0\0\3\0>\0\1\0\0\0\0\0\0\0\0\0\0\0"..., 832) = 832
fstat(3, {st_mode=S_IFREG|0775, st_size=17981480, ...}) = 0
mmap(NULL, 2177152, PROT_READ, MAP_PRIVATE|MAP_DENYWRITE, 3, 0) = 0x715179a00000
mprotect(0x715179aa1000, 1449984, PROT_NONE) = 0
mmap(0x715179aa1000, 1003520, PROT_READ|PROT_EXEC, MAP_PRIVATE|MAP_FIXED|MAP_DENYWRITE, 3, 0xa1000) = 0x715179aa1000
mmap(0x715179b96000, 442368, PROT_READ, MAP_PRIVATE|MAP_FIXED|MAP_DENYWRITE, 3, 0x196000) = 0x715179b96000
mmap(0x715179c03000, 57344, PROT_READ|PROT_WRITE, MAP_PRIVATE|MAP_FIXED|MAP_DENYWRITE, 3, 0x202000) = 0x715179c03000
mmap(0x715179c11000, 10368, PROT_READ|PROT_WRITE, MAP_PRIVATE|MAP_FIXED|MAP_ANONYMOUS, -1, 0) = 0x715179c11000
close(3)                                = 0
openat(AT_FDCWD, "/home/nikita_viksne/anaconda3/lib/libm.so.6", O_RDONLY|O_CLOEXEC) = -1 ENOENT (Нет такого файла или каталога)
openat(AT_FDCWD, "/etc/ld.so.cache", O_RDONLY|O_CLOEXEC) = 3
fstat(3, {st_mode=S_IFREG|0644, st_size=202639, ...}) = 0
mmap(NULL, 202639, PROT_READ, MAP_PRIVATE, 3, 0) = 0x71517a42d000
close(3)                                = 0
openat(AT_FDCWD, "/usr/lib/libm.so.6", O_RDONLY|O_CLOEXEC) = 3
read(3, "\177ELF\2\1\1\3\0\0\0\0\0\0\0\0\3\0>\0\1\0\0\0\0\0\0\0\0\0\0\0"..., 832) = 832
fstat(3, {st_mode=S_IFREG|0755, st_size=1010008, ...}) = 0
mmap(NULL, 1012040, PROT_READ, MAP_PRIVATE|MAP_DENYWRITE, 3, 0) = 0x71517a335000
mmap(0x71517a344000, 548864, PROT_READ|PROT_EXEC, MAP_PRIVATE|MAP_FIXED|MAP_DENYWRITE, 3, 0xf000) = 0x71517a344000
mmap(0x71517a3ca000, 397312, PROT_READ, MAP_PRIVATE|MAP_FIXED|MAP_DENYWRITE, 3, 0x95000) = 0x71517a3ca000
mmap(0x71517a42b000, 8192, PROT_READ|PROT_WRITE, MAP_PRIVATE|MAP_FIXED|MAP_DENYWRITE, 3, 0xf5000) = 0x71517a42b000
close(3)                                = 0
openat(AT_FDCWD, "/home/nikita_viksne/anaconda3/lib/libgcc_s.so.1", O_RDONLY|O_CLOEXEC) = 3
read(3, "\177ELF\2\1\1\0\0\0\0\0\0\0\0\0\3\0>\0\1\0\0\0\0\0\0\0\0\0\0\0"..., 832) = 832
fstat(3, {st_mode=S_IFREG|0664, st_size=475272, ...}) = 0
mmap(NULL, 103464, PROT_READ, MAP_PRIVATE|MAP_DENYWRITE, 3, 0) = 0x71517a31b000
mmap(0x71517a31e000, 73728, PROT_READ|PROT_EXEC, MAP_PRIVATE|MAP_FIXED|MAP_DENYWRITE, 3, 0x3000) = 0x71517a31e000
mmap(0x71517a330000, 12288, PROT_READ, MAP_PRIVATE|MAP_FIXED|MAP_DENYWRITE, 3, 0x15000) = 0x71517a330000
mmap(0x71517a333000, 8192, PROT_READ|PROT_WRITE, MAP_PRIVATE|MAP_FIXED|MAP_DENYWRITE, 3, 0x17000) = 0x71517a333000
close(3)                                = 0
openat(AT_FDCWD, "/home/nikita_viksne/anaconda3/lib/libc.so.6", O_RDONLY|O_CLOEXEC) = -1 ENOENT (Нет такого файла или каталога)
openat(AT_FDCWD, "/usr/lib/libc.so.6", O_RDONLY|O_CLOEXEC) = 3
read(3, "\177ELF\2\1\1\3\0\0\0\0\0\0\0\0\3\0>\0\1\0\0\0`v\2\0\0\0\0\0"..., 832) = 832
pread64(3, "\6\0\0\0\4\0\0\0@\0\0\0\0\0\0\0@\0\0\0\0\0\0\0@\0\0\0\0\0\0\0"..., 840, 64) = 840
fstat(3, {st_mode=S_IFREG|0755, st_size=2014520, ...}) = 0
pread64(3, "\6\0\0\0\4\0\0\0@\0\0\0\0\0\0\0@\0\0\0\0\0\0\0@\0\0\0\0\0\0\0"..., 840, 64) = 840
mmap(NULL, 2038904, PROT_READ, MAP_PRIVATE|MAP_DENYWRITE, 3, 0) = 0x71517980e000
mmap(0x715179832000, 1511424, PROT_READ|PROT_EXEC, MAP_PRIVATE|MAP_FIXED|MAP_DENYWRITE, 3, 0x24000) = 0x715179832000
mmap(0x7151799a3000, 323584, PROT_READ, MAP_PRIVATE|MAP_FIXED|MAP_DENYWRITE, 3, 0x195000) = 0x7151799a3000
mmap(0x7151799f2000, 24576, PROT_READ|PROT_WRITE, MAP_PRIVATE|MAP_FIXED|MAP_DENYWRITE, 3, 0x1e3000) = 0x7151799f2000
mmap(0x7151799f8000, 31864, PROT_READ|PROT_WRITE, MAP_PRIVATE|MAP_FIXED|MAP_ANONYMOUS, -1, 0) = 0x7151799f8000
close(3)                                = 0
openat(AT_FDCWD, "/home/nikita_viksne/anaconda3/lib/./glibc-hwcaps/x86-64-v3/libpthread.so.0", O_RDONLY|O_CLOEXEC) = -1 ENOENT (Нет такого файла или каталога)
newfstatat(AT_FDCWD, "/home/nikita_viksne/anaconda3/lib/./glibc-hwcaps/x86-64-v3/", 0x7ffc8e945000, 0) = -1 ENOENT (Нет такого файла или каталога)
openat(AT_FDCWD, "/home/nikita_viksne/anaconda3/lib/./glibc-hwcaps/x86-64-v2/libpthread.so.0", O_RDONLY|O_CLOEXEC) = -1 ENOENT (Нет такого файла или каталога)
newfstatat(AT_FDCWD, "/home/nikita_viksne/anaconda3/lib/./glibc-hwcaps/x86-64-v2/", 0x7ffc8e945000, 0) = -1 ENOENT (Нет такого файла или каталога)
openat(AT_FDCWD, "/home/nikita_viksne/anaconda3/lib/./libpthread.so.0", O_RDONLY|O_CLOEXEC) = -1 ENOENT (Нет такого файла или каталога)
newfstatat(AT_FDCWD, "/home/nikita_viksne/anaconda3/lib/./", {st_mode=S_IFDIR|0755, st_size=69154, ...}, 0) = 0
openat(AT_FDCWD, "/usr/lib/libpthread.so.0", O_RDONLY|O_CLOEXEC) = 3
read(3, "\177ELF\2\1\1\0\0\0\0\0\0\0\0\0\3\0>\0\1\0\0\0\0\0\0\0\0\0\0\0"..., 832) = 832
fstat(3, {st_mode=S_IFREG|0755, st_size=14288, ...}) = 0
mmap(NULL, 8192, PROT_READ|PROT_WRITE, MAP_PRIVATE|MAP_ANONYMOUS, -1, 0) = 0x71517a319000
mmap(NULL, 16400, PROT_READ, MAP_PRIVATE|MAP_DENYWRITE, 3, 0) = 0x71517a314000
mmap(0x71517a315000, 4096, PROT_READ|PROT_EXEC, MAP_PRIVATE|MAP_FIXED|MAP_DENYWRITE, 3, 0x1000) = 0x71517a315000
mmap(0x71517a316000, 4096, PROT_READ, MAP_PRIVATE|MAP_FIXED|MAP_DENYWRITE, 3, 0x2000) = 0x71517a316000
mmap(0x71517a317000, 8192, PROT_READ|PROT_WRITE, MAP_PRIVATE|MAP_FIXED|MAP_DENYWRITE, 3, 0x2000) = 0x71517a317000
close(3)                                = 0
openat(AT_FDCWD, "/home/nikita_viksne/anaconda3/lib/./libz.so.1", O_RDONLY|O_CLOEXEC) = 3
read(3, "\177ELF\2\1\1\0\0\0\0\0\0\0\0\0\3\0>\0\1\0\0\0\0\0\0\0\0\0\0\0"..., 832) = 832
fstat(3, {st_mode=S_IFREG|0775, st_size=124744, ...}) = 0
mmap(NULL, 118808, PROT_READ, MAP_PRIVATE|MAP_DENYWRITE, 3, 0) = 0x71517a2f6000
mmap(0x71517a2f9000, 73728, PROT_READ|PROT_EXEC, MAP_PRIVATE|MAP_FIXED|MAP_DENYWRITE, 3, 0x3000) = 0x71517a2f9000
mmap(0x71517a30b000, 28672, PROT_READ, MAP_PRIVATE|MAP_FIXED|MAP_DENYWRITE, 3, 0x15000) = 0x71517a30b000
mmap(0x71517a312000, 8192, PROT_READ|PROT_WRITE, MAP_PRIVATE|MAP_FIXED|MAP_DENYWRITE, 3, 0x1b000) = 0x71517a312000
close(3)                                = 0
openat(AT_FDCWD, "/home/nikita_viksne/anaconda3/lib/./libicui18n.so.58", O_RDONLY|O_CLOEXEC) = 3
read(3, "\177ELF\2\1\1\0\0\0\0\0\0\0\0\0\3\0>\0\1\0\0\0@\20\f\0\0\0\0\0"..., 832) = 832
fstat(3, {st_mode=S_IFREG|0775, st_size=3264192, ...}) = 0
mmap(NULL, 2616864, PROT_READ, MAP_PRIVATE|MAP_DENYWRITE, 3, 0) = 0x715179400000
mprotect(0x7151794c1000, 1765376, PROT_NONE) = 0
mmap(0x7151794c1000, 1306624, PROT_READ|PROT_EXEC, MAP_PRIVATE|MAP_FIXED|MAP_DENYWRITE, 3, 0xc1000) = 0x7151794c1000
mmap(0x715179600000, 454656, PROT_READ, MAP_PRIVATE|MAP_FIXED|MAP_DENYWRITE, 3, 0x200000) = 0x715179600000
mmap(0x715179670000, 61440, PROT_READ|PROT_WRITE, MAP_PRIVATE|MAP_FIXED|MAP_DENYWRITE, 3, 0x26f000) = 0x715179670000
close(3)                                = 0
openat(AT_FDCWD, "/home/nikita_viksne/anaconda3/lib/./libicuuc.so.58", O_RDONLY|O_CLOEXEC) = 3
read(3, "\177ELF\2\1\1\0\0\0\0\0\0\0\0\0\3\0>\0\1\0\0\0@\340\5\0\0\0\0\0"..., 832) = 832
fstat(3, {st_mode=S_IFREG|0775, st_size=2057656, ...}) = 0
mmap(NULL, 1780608, PROT_READ, MAP_PRIVATE|MAP_DENYWRITE, 3, 0) = 0x715179c4d000
mmap(0x715179cab000, 835584, PROT_READ|PROT_EXEC, MAP_PRIVATE|MAP_FIXED|MAP_DENYWRITE, 3, 0x5e000) = 0x715179cab000
mmap(0x715179d77000, 479232, PROT_READ, MAP_PRIVATE|MAP_FIXED|MAP_DENYWRITE, 3, 0x12a000) = 0x715179d77000
mmap(0x715179dec000, 77824, PROT_READ|PROT_WRITE, MAP_PRIVATE|MAP_FIXED|MAP_DENYWRITE, 3, 0x19e000) = 0x715179dec000
mmap(0x715179dff000, 2944, PROT_READ|PROT_WRITE, MAP_PRIVATE|MAP_FIXED|MAP_ANONYMOUS, -1, 0) = 0x715179dff000
close(3)                                = 0
openat(AT_FDCWD, "/home/nikita_viksne/anaconda3/lib/./libicudata.so.58", O_RDONLY|O_CLOEXEC) = 3
read(3, "\177ELF\2\1\1\0\0\0\0\0\0\0\0\0\3\0>\0\1\0\0\0\0\0\0\0\0\0\0\0"..., 832) = 832
fstat(3, {st_mode=S_IFREG|0775, st_size=26219544, ...}) = 0
mmap(NULL, 26222592, PROT_READ, MAP_PRIVATE|MAP_DENYWRITE, 3, 0) = 0x715177a00000
mmap(0x715179301000, 4096, PROT_READ|PROT_WRITE, MAP_PRIVATE|MAP_FIXED|MAP_DENYWRITE, 3, 0x1900000) = 0x715179301000
close(3)                                = 0
openat(AT_FDCWD, "/home/nikita_viksne/anaconda3/lib/./libdl.so.2", O_RDONLY|O_CLOEXEC) = -1 ENOENT (Нет такого файла или каталога)
openat(AT_FDCWD, "/usr/lib/libdl.so.2", O_RDONLY|O_CLOEXEC) = 3
read(3, "\177ELF\2\1\1\0\0\0\0\0\0\0\0\0\3\0>\0\1\0\0\0\0\0\0\0\0\0\0\0"..., 832) = 832
fstat(3, {st_mode=S_IFREG|0755, st_size=14280, ...}) = 0
mmap(NULL, 16400, PROT_READ, MAP_PRIVATE|MAP_DENYWRITE, 3, 0) = 0x71517a2f1000
mmap(0x71517a2f2000, 4096, PROT_READ|PROT_EXEC, MAP_PRIVATE|MAP_FIXED|MAP_DENYWRITE, 3, 0x1000) = 0x71517a2f2000
mmap(0x71517a2f3000, 4096, PROT_READ, MAP_PRIVATE|MAP_FIXED|MAP_DENYWRITE, 3, 0x2000) = 0x71517a2f3000
mmap(0x71517a2f4000, 8192, PROT_READ|PROT_WRITE, MAP_PRIVATE|MAP_FIXED|MAP_DENYWRITE, 3, 0x2000) = 0x71517a2f4000
close(3)                                = 0
openat(AT_FDCWD, "/home/nikita_viksne/anaconda3/lib/./libzstd.so.1", O_RDONLY|O_CLOEXEC) = 3
read(3, "\177ELF\2\1\1\0\0\0\0\0\0\0\0\0\3\0>\0\1\0\0\0\0\0\0\0\0\0\0\0"..., 832) = 832
mmap(NULL, 8192, PROT_READ|PROT_WRITE, MAP_PRIVATE|MAP_ANONYMOUS, -1, 0) = 0x71517a2ef000
fstat(3, {st_mode=S_IFREG|0775, st_size=1157168, ...}) = 0
mmap(NULL, 1110088, PROT_READ, MAP_PRIVATE|MAP_DENYWRITE, 3, 0) = 0x7151796fe000
mprotect(0x71517970c000, 1048576, PROT_NONE) = 0
mmap(0x71517970c000, 958464, PROT_READ|PROT_EXEC, MAP_PRIVATE|MAP_FIXED|MAP_DENYWRITE, 3, 0xe000) = 0x71517970c000
mmap(0x7151797f6000, 86016, PROT_READ, MAP_PRIVATE|MAP_FIXED|MAP_DENYWRITE, 3, 0xf8000) = 0x7151797f6000
mmap(0x71517980c000, 8192, PROT_READ|PROT_WRITE, MAP_PRIVATE|MAP_FIXED|MAP_DENYWRITE, 3, 0x10d000) = 0x71517980c000
close(3)                                = 0
openat(AT_FDCWD, "/home/nikita_viksne/anaconda3/lib/./libgthread-2.0.so.0", O_RDONLY|O_CLOEXEC) = 3
read(3, "\177ELF\2\1\1\0\0\0\0\0\0\0\0\0\3\0>\0\1\0\0\0\0\0\0\0\0\0\0\0"..., 832) = 832
fstat(3, {st_mode=S_IFREG|0775, st_size=15280, ...}) = 0
mmap(NULL, 16408, PROT_READ, MAP_PRIVATE|MAP_DENYWRITE, 3, 0) = 0x71517a2ea000
mmap(0x71517a2eb000, 4096, PROT_READ|PROT_EXEC, MAP_PRIVATE|MAP_FIXED|MAP_DENYWRITE, 3, 0x1000) = 0x71517a2eb000
mmap(0x71517a2ec000, 4096, PROT_READ, MAP_PRIVATE|MAP_FIXED|MAP_DENYWRITE, 3, 0x2000) = 0x71517a2ec000
mmap(0x71517a2ed000, 8192, PROT_READ|PROT_WRITE, MAP_PRIVATE|MAP_FIXED|MAP_DENYWRITE, 3, 0x2000) = 0x71517a2ed000
close(3)                                = 0
openat(AT_FDCWD, "/home/nikita_viksne/anaconda3/lib/./libglib-2.0.so.0", O_RDONLY|O_CLOEXEC) = 3
read(3, "\177ELF\2\1\1\0\0\0\0\0\0\0\0\0\3\0>\0\1\0\0\0\0\0\0\0\0\0\0\0"..., 832) = 832
fstat(3, {st_mode=S_IFREG|0775, st_size=1435784, ...}) = 0
mmap(NULL, 1282664, PROT_READ, MAP_PRIVATE|MAP_DENYWRITE, 3, 0) = 0x7151778c6000
mprotect(0x7151778e6000, 1142784, PROT_NONE) = 0
mmap(0x7151778e6000, 577536, PROT_READ|PROT_EXEC, MAP_PRIVATE|MAP_FIXED|MAP_DENYWRITE, 3, 0x20000) = 0x7151778e6000
mmap(0x715177973000, 561152, PROT_READ, MAP_PRIVATE|MAP_FIXED|MAP_DENYWRITE, 3, 0xad000) = 0x715177973000
mmap(0x7151779fd000, 8192, PROT_READ|PROT_WRITE, MAP_PRIVATE|MAP_FIXED|MAP_DENYWRITE, 3, 0x136000) = 0x7151779fd000
mmap(0x7151779ff000, 616, PROT_READ|PROT_WRITE, MAP_PRIVATE|MAP_FIXED|MAP_ANONYMOUS, -1, 0) = 0x7151779ff000
close(3)                                = 0
openat(AT_FDCWD, "/home/nikita_viksne/anaconda3/lib/././glibc-hwcaps/x86-64-v3/libpcre.so.1", O_RDONLY|O_CLOEXEC) = -1 ENOENT (Нет такого файла или каталога)
newfstatat(AT_FDCWD, "/home/nikita_viksne/anaconda3/lib/././glibc-hwcaps/x86-64-v3/", 0x7ffc8e944ec0, 0) = -1 ENOENT (Нет такого файла или каталога)
openat(AT_FDCWD, "/home/nikita_viksne/anaconda3/lib/././glibc-hwcaps/x86-64-v2/libpcre.so.1", O_RDONLY|O_CLOEXEC) = -1 ENOENT (Нет такого файла или каталога)
newfstatat(AT_FDCWD, "/home/nikita_viksne/anaconda3/lib/././glibc-hwcaps/x86-64-v2/", 0x7ffc8e944ec0, 0) = -1 ENOENT (Нет такого файла или каталога)
openat(AT_FDCWD, "/home/nikita_viksne/anaconda3/lib/././libpcre.so.1", O_RDONLY|O_CLOEXEC) = 3
read(3, "\177ELF\2\1\1\0\0\0\0\0\0\0\0\0\3\0>\0\1\0\0\0P \0\0\0\0\0\0"..., 832) = 832
fstat(3, {st_mode=S_IFREG|0775, st_size=292600, ...}) = 0
mmap(NULL, 286792, PROT_READ, MAP_PRIVATE|MAP_DENYWRITE, 3, 0) = 0x71517a2a3000
mmap(0x71517a2a5000, 172032, PROT_READ|PROT_EXEC, MAP_PRIVATE|MAP_FIXED|MAP_DENYWRITE, 3, 0x2000) = 0x71517a2a5000
mmap(0x71517a2cf000, 102400, PROT_READ, MAP_PRIVATE|MAP_FIXED|MAP_DENYWRITE, 3, 0x2c000) = 0x71517a2cf000
mmap(0x71517a2e8000, 8192, PROT_READ|PROT_WRITE, MAP_PRIVATE|MAP_FIXED|MAP_DENYWRITE, 3, 0x44000) = 0x71517a2e8000
close(3)                                = 0
writev(2, [{iov_base="build/debug/main", iov_len=16}, {iov_base=": ", iov_len=2}, {iov_base="/home/nikita_viksne/anaconda3/li"..., iov_len=48}, {iov_base=": ", iov_len=2}, {iov_base="version `GLIBCXX_3.4.32' not fou"..., iov_len=65}, {iov_base="\n", iov_len=1}], 6build/debug/main: /home/nikita_viksne/anaconda3/lib/libstdc++.so.6: version `GLIBCXX_3.4.32' not found (required by build/debug/main)
) = 134
mmap(NULL, 8192, PROT_READ|PROT_WRITE, MAP_PRIVATE|MAP_ANONYMOUS, -1, 0) = 0x71517a2a1000
exit_group(1)                           = ?
+++ exited with 1 +++
